// Jest Snapshot v1, https://goo.gl/fbAQLP

exports[`PolicyTable snapshot creates a snapshot 1`] = `
Array [
  <div
    className="spinner"
  />,
  <div
    aria-label="loading-text"
    className="spinnerText"
    role="presentation"
  >
    ... loading
  </div>,
]
`;
